192.168.0.0 - - [08/Sep/2012:11:16:02 +0200] "GET /temps/4IF16.html HTTP/1.1" 200 12106 "http://intranet-if.insa-lyon.fr/temps/4IF15.html" "Mozilla/5.0 (Windows NT 6.1; WOW64; rv:14.0) Gecko/20100101 Firefox/14.0.1"
192.168.0.0 - - [08/Sep/2012:11:16:05 +0200] "GET /temps/4IF17.html HTTP/1.1" 200 5189 "http://intranet-if.insa-lyon.fr/temps/4IF16.html" "Mozilla/5.0 (Windows NT 6.1; WOW64; rv:14.0) Gecko/20100101 Firefox/14.0.1"
192.168.0.0 - - [08/Sep/2012:11:16:06 +0200] "GET /temps/4IF18.html HTTP/1.1" 200 5192 "http://intranet-if.insa-lyon.fr/temps/4IF17.html" "Mozilla/5.0 (Windows NT 6.1; WOW64; rv:14.0) Gecko/20100101 Firefox/14.0.1"
192.168.0.0 - - [08/Sep/2012:11:16:06 +0200] "GET /temps/4IF19.html HTTP/1.1" 200 5179 "http://intranet-if.insa-lyon.fr/temps/4IF18.html" "Mozilla/5.0 (Windows NT 6.1; WOW64; rv:14.0) Gecko/20100101 Firefox/14.0.1"
192.168.0.0 - - [08/Sep/2012:11:16:07 +0200] "GET /temps/4IF20.html HTTP/1.1" 200 5185 "http://intranet-if.insa-lyon.fr/temps/4IF19.html" "Mozilla/5.0 (Windows NT 6.1; WOW64; rv:14.0) Gecko/20100101 Firefox/14.0.1"
192.168.0.1 - - [08/Sep/2012:11:16:08 +0200] "GET /temps/3IF38.html HTTP/1.1" 200 21722 "http://intranet-if.insa-lyon.fr/temps/3IF37.html" "Mozilla/5.0 (Linux; U; Android 2.3.5; fr-fr; HTC Desire S Build/GRJ90) AppleWebKit/533.1 (KHTML, like Gecko) Version/4.0 Mobile Safari/533.1"
192.168.0.2 - - [08/Sep/2012:11:16:51 +0200] "GET /temps/ HTTP/1.1" 200 6835 "http://www.google.fr/url?sa=t&rct=j&q=&esrc=s&source=web&cd=2&ved=0CDIQFjAB&url=http%3A%2F%2Fintranet-if.insa-lyon.fr%2Ftemps%2F&ei=_wxLUKCwEMaJhQe08oCYCw&usg=AFQjCNEWrHsRdIlhli_31qYl94w-yMCjpw&sig2=eTdZgqmz8aDAi5eiWxEP1g" "Mozilla/5.0 (Windows NT 6.1; WOW64; rv:15.0) Gecko/20100101 Firefox/15.0.1"
192.168.0.2 - - [08/Sep/2012:11:16:51 +0200] "GET /temps/style_emploi_du_temps.css HTTP/1.1" 200 1216 "http://intranet-if.insa-lyon.fr/temps/" "Mozilla/5.0 (Windows NT 6.1; WOW64; rv:15.0) Gecko/20100101 Firefox/15.0.1"
192.168.0.2 - - [08/Sep/2012:11:16:51 +0200] "GET /temps/InsaIF.ico HTTP/1.1" 200 766 "-" "Mozilla/5.0 (Windows NT 6.1; WOW64; rv:15.0) Gecko/20100101 Firefox/15.0.1"
192.168.0.2 - - [08/Sep/2012:11:16:51 +0200] "GET /temps/FondInsa.jpg HTTP/1.1" 200 2828 "http://intranet-if.insa-lyon.fr/temps/style_emploi_du_temps.css" "Mozilla/5.0 (Windows NT 6.1; WOW64; rv:15.0) Gecko/20100101 Firefox/15.0.1"
192.168.0.2 - - [08/Sep/2012:11:17:11 +0200] "GET /temps/3IF37.html HTTP/1.1" 200 17269 "http://intranet-if.insa-lyon.fr/temps/" "Mozilla/5.0 (Windows NT 6.1; WOW64; rv:15.0) Gecko/20100101 Firefox/15.0.1"
192.168.0.2 - - [08/Sep/2012:11:17:11 +0200] "GET /temps/precedent.gif HTTP/1.1" 200 1906 "http://intranet-if.insa-lyon.fr/temps/3IF37.html" "Mozilla/5.0 (Windows NT 6.1; WOW64; rv:15.0) Gecko/20100101 Firefox/15.0.1"
192.168.0.2 - - [08/Sep/2012:11:17:11 +0200] "GET /temps/choix.gif HTTP/1.1" 200 2836 "http://intranet-if.insa-lyon.fr/temps/3IF37.html" "Mozilla/5.0 (Windows NT 6.1; WOW64; rv:15.0) Gecko/20100101 Firefox/15.0.1"
192.168.0.2 - - [08/Sep/2012:11:17:11 +0200] "GET /temps/suivant.gif HTTP/1.1" 200 1634 "http://intranet-if.insa-lyon.fr/temps/3IF37.html" "Mozilla/5.0 (Windows NT 6.1; WOW64; rv:15.0) Gecko/20100101 Firefox/15.0.1"
192.168.0.3 - - [08/Sep/2012:11:17:18 +0200] "GET /temps/3IF38.html HTTP/1.1" 200 21722 "http://intranet-if.insa-lyon.fr/temps/3IF37.html" "Mozilla/5.0 (Linux; U; Android 2.3.7; fr_fr; Nexus One Build/FRF91) AppleWebKit/533.1 (KHTML, like Gecko) Version/4.0 Mobile Safari/533.1"
192.168.0.2 - - [08/Sep/2012:11:17:21 +0200] "GET /favicon.ico HTTP/1.1" 200 1700 "-" "Mozilla/5.0 (Windows NT 6.1; WOW64; rv:15.0) Gecko/20100101 Firefox/15.0.1"
192.168.3.238 - - [15/Sep/2012:15:36:59 +0200] "GET /temps/suivant.gif HTTP/1.1" 200 1634 "http://intranet-if.insa-lyon.fr/temps/4IF38.html" "Mozilla/5.0 (iPhone; CPU iPhone OS 5_1_1 like Mac OS X) AppleWebKit/534.46 (KHTML, like Gecko) Version/5.1 Mobile/9B208 Safari/7534.48.3"
192.168.3.238 - - [15/Sep/2012:15:36:59 +0200] "GET /temps/choix.gif HTTP/1.1" 200 2836 "http://intranet-if.insa-lyon.fr/temps/4IF38.html" "Mozilla/5.0 (iPhone; CPU iPhone OS 5_1_1 like Mac OS X) AppleWebKit/534.46 (KHTML, like Gecko) Version/5.1 Mobile/9B208 Safari/7534.48.3"
192.168.1.16 - - [15/Sep/2012:15:36:59 +0200] "GET /temps/4IF46.html HTTP/1.1" 304 - "http://intranet-if.insa-lyon.fr/temps/4IF45.html" "Mozilla/5.0 (Windows NT 6.1; WOW64; rv:15.0) Gecko/20100101 Firefox/15.0.1"
192.168.3.238 - - [15/Sep/2012:15:37:03 +0200] "GET /temps/4IF39.html HTTP/1.1" 200 17278 "http://intranet-if.insa-lyon.fr/temps/4IF38.html" "Mozilla/5.0 (iPhone; CPU iPhone OS 5_1_1 like Mac OS X) AppleWebKit/534.46 (KHTML, like Gecko) Version/5.1 Mobile/9B208 Safari/7534.48.3"
192.168.0.62 - - [15/Sep/2012:15:40:49 +0200] "GET /temps/3IF1.ics HTTP/1.1" 304 - "-" "DataAccess/1.0 (8C148)"
192.168.4.50 - - [15/Sep/2012:15:43:41 +0200] "GET /temps/style_pfe.css HTTP/1.1" 200 895 "-" "Mozilla/5.0 (compatible; Googlebot/2.1; +http://www.google.com/bot.html)"